// Jest Snapshot v1, https://goo.gl/fbAQLP

exports[`it renders the app component correctly 1`] = `
<h1>
  Home
</h1>
`;